// Jest Snapshot v1, https://goo.gl/fbAQLP

exports[`appTest renders correctly 1`] = `
<section
  className="game game--genre"
>
  <div
    className="game__header"
  >
    <a
      className="game__back"
      href="#"
    >
      <span
        className="visually-hidden"
      >
        Сыграть ещё раз
      </span>
      <img
        alt="Угадай мелодию"
        className="game__logo"
        src="img/melody-logo-ginger.png"
      />
    </a>
    <svg
      className="timer"
      viewBox="0 0 780 780"
      xmlns="http://www.w3.org/2000/svg"
    >
      <circle
        className="timer__line"
        cx="390"
        cy="390"
        r="370"
      />
    </svg>
    <div
      className="game__mistakes"
    >
      <div
        className="wrong"
      />
      <div
        className="wrong"
      />
      <div
        className="wrong"
      />
    </div>
  </div>
  <section
    className="game__screen"
  >
    <h2
      className="game__title"
    >
      Кто исполняет эту песню?
    </h2>
    <div
      className="game__track"
    >
      <div
        className="track"
      >
        <button
          className="track__button track__button--play"
          type="button"
        />
        <div
          className="track__status"
        >
          <audio />
        </div>
      </div>
    </div>
    <form
      className="game__artist"
    >
      <div
        className="artist"
      >
        <input
          className="artist__input visually-hidden"
          id="answer0"
          name="answer0"
          onChange={[Function]}
          type="radio"
        />
        <label
          className="artist__name"
          htmlFor="answer0"
        >
          <img
            className="artist__picture"
          />
        </label>
      </div>
      <div
        className="artist"
      >
        <input
          className="artist__input visually-hidden"
          id="answer1"
          name="answer1"
          onChange={[Function]}
          type="radio"
        />
        <label
          className="artist__name"
          htmlFor="answer1"
        >
          <img
            className="artist__picture"
          />
        </label>
      </div>
      <div
        className="artist"
      >
        <input
          className="artist__input visually-hidden"
          id="answer2"
          name="answer2"
          onChange={[Function]}
          type="radio"
        />
        <label
          className="artist__name"
          htmlFor="answer2"
        >
          <img
            className="artist__picture"
          />
        </label>
      </div>
      <div
        className="artist"
      >
        <input
          className="artist__input visually-hidden"
          id="answer3"
          name="answer3"
          onChange={[Function]}
          type="radio"
        />
        <label
          className="artist__name"
          htmlFor="answer3"
        >
          <img
            className="artist__picture"
          />
        </label>
      </div>
    </form>
  </section>
</section>
`;
